// Jest Snapshot v1, https://goo.gl/fbAQLP

exports[`should render ExpenseListItem with one item 1`] = `
<div>
  <Link
    replace={false}
    to="/edit/3"
  >
    <h3>
      Description: 
      Credit Card
    </h3>
  </Link>
  <p>
     Amount: 
    $45.00
     - Created At: 
    4th January, 1970
     
  </p>
  <p>
     Notes: 
  </p>
</div>
`;
